20:09:10 | +00:01    | INFO    | forexmodel.__main__            | Лог прогона пишется в reports/lkoh_1h/logs/run_20260920_200910.log
20:09:10 | +00:01    | INFO    | forexmodel.pipelines.dataset   | 
20:09:10 | +00:01    | INFO    | forexmodel.pipelines.dataset   | --- Шаг 1/4 · чтение минутного CSV -------------------------------------------
20:09:18 | +00:09    | INFO    | forexmodel.data.loader         | Объём берётся из колонки 'value'
20:09:19 | +00:10    | INFO    | forexmodel.data.loader         | Загружено 1831726 минутных баров: 2016-04-29 09:59:00 .. 2026-06-03 23:49:00
20:09:20 | +00:10    | INFO    | forexmodel.pipelines.dataset   | Рабочий ТФ 1h: 34378 баров
20:09:20 | +00:10    | INFO    | forexmodel.pipelines.dataset   | 
20:09:20 | +00:10    | INFO    | forexmodel.pipelines.dataset   | --- Шаг 2/4 · признаки на непрерывном ряде -----------------------------------
20:09:20 | +00:11    | INFO    | forexmodel.features.trend      | Тренд-фильтр (early, 4h): доля баров с трендом 30.9%
20:09:20 | +00:11    | INFO    | forexmodel.features.builder    | Признаки построены: 34378 баров, 106 колонок
20:09:20 | +00:11    | INFO    | forexmodel.pipelines.dataset   | Отброшен warm-up признаков: первые 200 баров
20:09:20 | +00:11    | INFO    | forexmodel.pipelines.dataset   | 
20:09:20 | +00:11    | INFO    | forexmodel.pipelines.dataset   | --- Шаг 3/4 · triple-barrier разметка по минутным барам ----------------------
20:09:25 | +00:16    | INFO    | forexmodel.labeling.atr_barriers | Разметка atr_asym (tp=1.50 ATR, sl=0.75 ATR, horizon=10): {0: 0.313, 1: 0.386, 2: 0.301}
20:09:25 | +00:16    | INFO    | forexmodel.labeling.uniqueness | Веса уникальности: mean=1.000 min=0.000 max=3.019
20:09:25 | +00:16    | INFO    | forexmodel.pipelines.dataset   | 
20:09:25 | +00:16    | INFO    | forexmodel.pipelines.dataset   | --- Шаг 4/4 · нарезка train/test/sim и отбор признаков -----------------------
20:09:25 | +00:16    | INFO    | forexmodel.data.splits         | Embargo: отброшено 11 последних баров (до 2024-12-30 09:00:00)
20:09:25 | +00:16    | INFO    | forexmodel.data.splits         | Embargo: отброшено 11 последних баров (до 2025-12-30 09:00:00)
20:09:25 | +00:16    | INFO    | forexmodel.evaluation.diagnostics | train : 2016-06-01 10:00:00 .. 2024-12-30 09:00:00 (26780 баров)
20:09:25 | +00:16    | INFO    | forexmodel.evaluation.diagnostics | test  : 2024-12-30 21:00:00 .. 2025-12-30 09:00:00 (5146 баров)
20:09:25 | +00:16    | INFO    | forexmodel.evaluation.diagnostics | sim   : 2025-12-30 21:00:00 .. 2026-06-03 23:00:00 (2230 баров)
20:09:25 | +00:16    | INFO    | forexmodel.features.selection  | Отобрано признаков: 85
20:09:25 | +00:16    | INFO    | forexmodel.pipelines.dataset   | Датасет готов: 85 признаков, выборки {'train': 26780, 'test': 5146, 'sim': 2230}
20:09:25 | +00:16    | INFO    | forexmodel.pipelines.train_pipeline | 
20:09:25 | +00:16    | INFO    | forexmodel.pipelines.train_pipeline | ##############################################################################
20:09:25 | +00:16    | INFO    | forexmodel.pipelines.train_pipeline | # ОБУЧЕНИЕ · run_name=lkoh_1h
20:09:25 | +00:16    | INFO    | forexmodel.pipelines.train_pipeline | # этапов: 6 — Primary (CatBoost) -> CNN-BiLSTM -> OOF-предсказания -> Мета-метки (симуляция) -> Мета-модель -> Сохранение артефактов
20:09:25 | +00:16    | INFO    | forexmodel.pipelines.train_pipeline | # прошлый такой прогон занял 7м 00с — примерно столько и ждать
20:09:25 | +00:16    | INFO    | forexmodel.pipelines.train_pipeline | ##############################################################################
20:09:25 | +00:16    | INFO    | forexmodel.pipelines.train_pipeline | 
20:09:25 | +00:16    | INFO    | forexmodel.pipelines.train_pipeline | ==============================================================================
20:09:25 | +00:16    | INFO    | forexmodel.pipelines.train_pipeline |   ЭТАП 1/6 · Primary (CatBoost)
20:09:25 | +00:16    | INFO    | forexmodel.pipelines.train_pipeline |   прошло всего 2мс | в прошлый прогон этот этап занял 11с | до конца ~7м 00с
20:09:25 | +00:16    | INFO    | forexmodel.pipelines.train_pipeline | ==============================================================================
20:09:26 | +00:16    | INFO    | forexmodel.models.catboost_primary | 
20:09:26 | +00:16    | INFO    | forexmodel.models.catboost_primary | --- CatBoost primary: подготовка ---------------------------------------------
20:09:26 | +00:16    | INFO    | forexmodel.models.catboost_primary | Блоки (хронологически): train=17385 | val=4017 (early stopping) | holdout=5356 (только отчёт) | embargo=11 баров
20:09:26 | +00:16    | INFO    | forexmodel.models.catboost_primary | Признаков: 85 | классы в train: {0: 0.31, 1: 0.368, 2: 0.322}
20:09:26 | +00:17    | INFO    | forexmodel.models.catboost_primary | 
20:09:26 | +00:17    | INFO    | forexmodel.models.catboost_primary | --- CatBoost primary: обучение, до 2000 деревьев -----------------------------
20:09:26 | +00:17    | INFO    | forexmodel.models.catboost_primary | depth=6 lr=0.05 l2=6 | early stopping: 100 раундов без улучшения val
20:09:26 | +00:17    | INFO    | forexmodel.models.catboost_primary | CatBoost primary:   0.1% [..............] 1/2000 дер | прошло 217мс | learn:MultiClass=1.0981 val:MultiClass=1.0985
20:09:30 | +00:21    | INFO    | forexmodel.models.catboost_primary | CatBoost primary: готово | 174 дер | за 4.8с | 36.4 дер/с | в модели осталось 74 деревьев (лучшая итерация по val — 73)
20:09:30 | +00:21    | INFO    | forexmodel.models.catboost_primary | Среднее время на дерево: 65мс
20:09:32 | +00:23    | INFO    | forexmodel.evaluation.metrics  | === CatBoost holdout ===
              precision    recall  f1-score   support

           0     0.3443    0.4152    0.3765      1758
           1     0.4521    0.2201    0.2961      2017
           2     0.3199    0.4560    0.3760      1581

    accuracy                         0.3538      5356
   macro avg     0.3721    0.3638    0.3495      5356
weighted avg     0.3777    0.3538    0.3461      5356

Confusion matrix:
[[730 294 734]
 [774 444 799]
 [616 244 721]]
20:09:32 | +00:23    | INFO    | forexmodel.evaluation.metrics  | Полярная точность (classes [0, 2]): 0.3317 | база «угадай по частоте»: 0.3202 | edge: +0.0115
20:09:32 | +00:23    | INFO    | forexmodel.models.catboost_primary | 
20:09:32 | +00:23    | INFO    | forexmodel.models.catboost_primary | --- CatBoost primary: рефит на всей выборке (26780 баров, 74 деревьев) -------
20:09:32 | +00:23    | INFO    | forexmodel.models.catboost_primary | CatBoost primary (рефит):   1.4% [..............] 1/74 дер | прошло 121мс | learn:MultiClass=1.0980
20:09:35 | +00:25    | INFO    | forexmodel.models.catboost_primary | CatBoost primary (рефит): 100.0% [##############] 74/74 дер | прошло 2.2с | 33.4 дер/с | learn:MultiClass=1.0707
20:09:35 | +00:26    | INFO    | forexmodel.models.catboost_primary | CatBoost primary (рефит): готово | 74 дер | за 2.3с | 32.5 дер/с | модель видит историю целиком: 2016-06-01 10:00:00 .. 2024-12-30 09:00:00
20:09:35 | +00:26    | INFO    | forexmodel.pipelines.train_pipeline | --> этап «Primary (CatBoost)» завершён за 9.3с
20:09:35 | +00:26    | INFO    | forexmodel.pipelines.train_pipeline | 
20:09:35 | +00:26    | INFO    | forexmodel.pipelines.train_pipeline | ==============================================================================
20:09:35 | +00:26    | INFO    | forexmodel.pipelines.train_pipeline |   ЭТАП 2/6 · CNN-BiLSTM
20:09:35 | +00:26    | INFO    | forexmodel.pipelines.train_pipeline |   прошло всего 9.3с | в прошлый прогон этот этап занял 2м 09с | до конца ~6м 49с
20:09:35 | +00:26    | INFO    | forexmodel.pipelines.train_pipeline | ==============================================================================
20:09:42 | +00:32    | INFO    | forexmodel.models.nn_cnn_bilstm | 
20:09:42 | +00:32    | INFO    | forexmodel.models.nn_cnn_bilstm | --- CNN-BiLSTM: подготовка ---------------------------------------------------
20:09:42 | +00:33    | INFO    | forexmodel.models.nn_cnn_bilstm | Последовательностей: train=21394 | val=5356 | seq_len=20 | признаков=85
20:09:42 | +00:33    | INFO    | forexmodel.models.nn_cnn_bilstm | Устройство: cpu | параметров: 166 211 | батч 128 -> 168 батчей на эпоху | эпох максимум 40 (patience 5)
20:09:46 | +00:37    | INFO    | forexmodel.models.nn_cnn_bilstm | 
20:09:46 | +00:37    | INFO    | forexmodel.models.nn_cnn_bilstm | --- CNN-BiLSTM: обучение, до 40 эпох -----------------------------------------
20:09:47 | +00:38    | INFO    | forexmodel.models.nn_cnn_bilstm |   эпоха 1/40:   0.6% [..............] 1/168 батч | прошло 509мс | loss=1.0988
20:10:05 | +00:56    | INFO    | forexmodel.models.nn_cnn_bilstm |   эпоха 1/40: 100.0% [##############] 168/168 батч | прошло 19с | 8.9 батч/с | loss=1.1325
20:10:06 | +00:57    | INFO    | forexmodel.models.nn_cnn_bilstm | CNN-BiLSTM:   2.5% [..............] 1/40 эпох | прошло 20с | train_loss=1.0966 | val_loss=1.0926 | val_acc=0.3714 | лучшая | lr=0.001
20:10:06 | +00:57    | INFO    | forexmodel.models.nn_cnn_bilstm |   эпоха 2/40:   0.6% [..............] 1/168 батч | прошло 75мс | loss=1.0779
20:10:23 | +01:14    | INFO    | forexmodel.models.nn_cnn_bilstm |   эпоха 2/40: 100.0% [##############] 168/168 батч | прошло 17с | 9.8 батч/с | loss=1.0985
20:10:24 | +01:14    | INFO    | forexmodel.models.nn_cnn_bilstm | CNN-BiLSTM:   5.0% [#.............] 2/40 эпох | прошло 37с | осталось ≤11м 50с | в среднем 19с на шаг | train_loss=1.0905 | val_loss=1.0964 | val_acc=0.3585 | без улучшения 1/5 | lr=0.001
20:10:24 | +01:15    | INFO    | forexmodel.models.nn_cnn_bilstm |   эпоха 3/40:   0.6% [..............] 1/168 батч | прошло 95мс | loss=1.0768
20:10:40 | +01:31    | INFO    | forexmodel.models.nn_cnn_bilstm |   эпоха 3/40: 100.0% [##############] 168/168 батч | прошло 16с | 10.4 батч/с | loss=1.0829
20:10:40 | +01:31    | INFO    | forexmodel.models.nn_cnn_bilstm | CNN-BiLSTM:   7.5% [#.............] 3/40 эпох | прошло 54с | осталось ≤11м 07с | в среднем 18с на шаг | train_loss=1.0818 | val_loss=1.1063 | val_acc=0.3564 | без улучшения 2/5 | lr=0.001
20:10:40 | +01:31    | INFO    | forexmodel.models.nn_cnn_bilstm |   эпоха 4/40:   0.6% [..............] 1/168 батч | прошло 66мс | loss=1.0930
20:10:57 | +01:48    | INFO    | forexmodel.models.nn_cnn_bilstm |   эпоха 4/40: 100.0% [##############] 168/168 батч | прошло 17с | 9.8 батч/с | loss=1.0532
20:10:58 | +01:49    | INFO    | forexmodel.models.nn_cnn_bilstm | CNN-BiLSTM:  10.0% [#.............] 4/40 эпох | прошло 1м 12с | осталось ≤10м 47с | в среднем 18с на шаг | train_loss=1.0706 | val_loss=1.1141 | val_acc=0.3837 | без улучшения 3/5 | lr=0.0007
20:10:58 | +01:49    | INFO    | forexmodel.models.nn_cnn_bilstm |   эпоха 5/40:   0.6% [..............] 1/168 батч | прошло 134мс | loss=1.0177
20:11:18 | +02:09    | INFO    | forexmodel.models.nn_cnn_bilstm |   эпоха 5/40: 100.0% [##############] 168/168 батч | прошло 20с | 8.5 батч/с | loss=0.9144
20:11:18 | +02:09    | INFO    | forexmodel.models.nn_cnn_bilstm | CNN-BiLSTM:  12.5% [##............] 5/40 эпох | прошло 1м 32с | осталось ≤10м 46с | в среднем 18с на шаг | train_loss=1.0511 | val_loss=1.1253 | val_acc=0.3454 | без улучшения 4/5 | lr=0.0007
20:11:19 | +02:10    | INFO    | forexmodel.models.nn_cnn_bilstm |   эпоха 6/40:   0.6% [..............] 1/168 батч | прошло 216мс | loss=1.0163
20:11:34 | +02:25    | INFO    | forexmodel.models.nn_cnn_bilstm |   эпоха 6/40: 100.0% [##############] 168/168 батч | прошло 16с | 10.5 батч/с | loss=1.1944
20:11:35 | +02:26    | INFO    | forexmodel.models.nn_cnn_bilstm | CNN-BiLSTM:  15.0% [##............] 6/40 эпох | прошло 1м 49с | осталось ≤10м 17с | в среднем 18с на шаг | train_loss=1.0301 | val_loss=1.1768 | val_acc=0.3504 | без улучшения 5/5 | lr=0.0007
20:11:35 | +02:26    | INFO    | forexmodel.models.nn_cnn_bilstm | Early stopping: 5 эпох без улучшения. Лучший val_loss=1.0926 на эпохе 1
20:11:35 | +02:26    | INFO    | forexmodel.models.nn_cnn_bilstm | CNN-BiLSTM: готово | 6 эпох | за 1м 49с | в среднем 18с на шаг | лучший val_loss=1.0926 на эпохе 1
20:11:35 | +02:26    | INFO    | forexmodel.models.nn_cnn_bilstm | Среднее время на эпоху: 18с
20:11:35 | +02:26    | INFO    | forexmodel.models.nn_cnn_bilstm | Восстановлены веса лучшей эпохи (1), а не последней
20:11:36 | +02:26    | INFO    | forexmodel.evaluation.metrics  | === CNN-BiLSTM val ===
              precision    recall  f1-score   support

           0     0.3599    0.6593    0.4656      1758
           1     0.4667    0.2226    0.3014      2017
           2     0.3245    0.2410    0.2766      1581

    accuracy                         0.3714      5356
   macro avg     0.3837    0.3743    0.3479      5356
weighted avg     0.3897    0.3714    0.3480      5356

Confusion matrix:
[[1159  240  359]
 [1134  449  434]
 [ 927  273  381]]
20:11:36 | +02:26    | INFO    | forexmodel.evaluation.metrics  | Полярная точность (classes [0, 2]): 0.3505 | база «угадай по частоте»: 0.3216 | edge: +0.0289
20:11:36 | +02:27    | INFO    | forexmodel.models.nn_cnn_bilstm | 
20:11:36 | +02:27    | INFO    | forexmodel.models.nn_cnn_bilstm | --- CNN-BiLSTM: рефит на всей выборке (26761 последовательностей, 1 эпох) ----
20:11:36 | +02:27    | INFO    | forexmodel.models.nn_cnn_bilstm |   рефит, эпоха 1/1:   0.5% [..............] 1/210 батч | прошло 77мс
20:11:55 | +02:46    | INFO    | forexmodel.models.nn_cnn_bilstm |   рефит, эпоха 1/1: 100.0% [##############] 210/210 батч | прошло 19с | 11.0 батч/с
20:11:55 | +02:46    | INFO    | forexmodel.models.nn_cnn_bilstm | CNN-BiLSTM (рефит): 100.0% [##############] 1/1 эпох | прошло 19с | train_loss=1.0950
20:11:55 | +02:46    | INFO    | forexmodel.models.nn_cnn_bilstm | CNN-BiLSTM (рефит): готово | 1 эпох | за 19с | сеть видит историю целиком
20:11:55 | +02:46    | INFO    | forexmodel.pipelines.train_pipeline | --> этап «CNN-BiLSTM» завершён за 2м 20с
20:11:55 | +02:46    | INFO    | forexmodel.pipelines.train_pipeline | 
20:11:55 | +02:46    | INFO    | forexmodel.pipelines.train_pipeline | ==============================================================================
20:11:55 | +02:46    | INFO    | forexmodel.pipelines.train_pipeline |   ЭТАП 3/6 · OOF-предсказания
20:11:55 | +02:46    | INFO    | forexmodel.pipelines.train_pipeline |   прошло всего 2м 30с | в прошлый прогон этот этап занял 4м 24с | до конца ~4м 40с
20:11:55 | +02:46    | INFO    | forexmodel.pipelines.train_pipeline | ==============================================================================
20:11:55 | +02:46    | INFO    | forexmodel.models.meta         | 
20:11:55 | +02:46    | INFO    | forexmodel.models.meta         | --- OOF-предсказания primary: 5 фолдов purged walk-forward -------------------
20:11:55 | +02:46    | INFO    | forexmodel.models.meta         | На каждом фолде обучается отдельный CatBoost (2000 деревьев, depth=6) — это самый долгий шаг обучения
20:11:55 | +02:46    | INFO    | forexmodel.models.meta         | Фолд 1/5: обучение на 4443 барах, предсказание на 4463
20:11:55 | +02:46    | INFO    | forexmodel.models.meta         |   фолд 1/5:   0.1% [..............] 1/2000 дер | прошло 110мс | learn:MultiClass=1.0971
20:12:15 | +03:06    | INFO    | forexmodel.models.meta         |   фолд 1/5:  46.9% [#######.......] 937/2000 дер | прошло 20с | осталось ≤23с | 46.6 дер/с | learn:MultiClass=0.5424
20:12:35 | +03:26    | INFO    | forexmodel.models.meta         |   фолд 1/5:  92.8% [#############.] 1855/2000 дер | прошло 40с | осталось ≤3.1с | 46.2 дер/с | learn:MultiClass=0.3125
20:12:39 | +03:30    | INFO    | forexmodel.models.meta         |   фолд 1/5: 100.0% [##############] 2000/2000 дер | прошло 44с | 45.6 дер/с | learn:MultiClass=0.2897
20:12:39 | +03:30    | INFO    | forexmodel.models.meta         | OOF walk-forward:  20.0% [###...........] 1/5 фолд | прошло 44с | обучено 2000 деревьев всего
20:12:39 | +03:30    | INFO    | forexmodel.models.meta         | Фолд 2/5: обучение на 8906 барах, предсказание на 4463
20:12:39 | +03:30    | INFO    | forexmodel.models.meta         |   фолд 2/5:   0.1% [..............] 1/2000 дер | прошло 96мс | learn:MultiClass=1.0972
20:12:59 | +03:50    | INFO    | forexmodel.models.meta         |   фолд 2/5:  44.4% [######........] 888/2000 дер | прошло 20с | осталось ≤25с | 44.2 дер/с | learn:MultiClass=0.7294
20:13:19 | +04:10    | INFO    | forexmodel.models.meta         |   фолд 2/5:  86.2% [############..] 1724/2000 дер | прошло 40с | осталось ≤6.4с | 43.0 дер/с | learn:MultiClass=0.5272
20:13:26 | +04:17    | INFO    | forexmodel.models.meta         |   фолд 2/5: 100.0% [##############] 2000/2000 дер | прошло 47с | 42.3 дер/с | learn:MultiClass=0.4777
20:13:26 | +04:17    | INFO    | forexmodel.models.meta         | OOF walk-forward:  40.0% [######........] 2/5 фолд | прошло 1м 32с | осталось ~2м 17с | в среднем 46с на шаг | обучено 4000 деревьев всего
20:13:26 | +04:17    | INFO    | forexmodel.models.meta         | Фолд 3/5: обучение на 13369 барах, предсказание на 4463
20:13:27 | +04:18    | INFO    | forexmodel.models.meta         |   фолд 3/5:   0.1% [..............] 1/2000 дер | прошло 149мс | learn:MultiClass=1.0980
20:13:47 | +04:38    | INFO    | forexmodel.models.meta         |   фолд 3/5:  41.4% [######........] 829/2000 дер | прошло 20с | осталось ≤28с | 41.1 дер/с | learn:MultiClass=0.8272
20:14:07 | +04:58    | INFO    | forexmodel.models.meta         |   фолд 3/5:  80.9% [###########...] 1618/2000 дер | прошло 40с | осталось ≤9.5с | 40.3 дер/с | learn:MultiClass=0.6544
20:14:18 | +05:09    | INFO    | forexmodel.models.meta         |   фолд 3/5: 100.0% [##############] 2000/2000 дер | прошло 51с | 39.1 дер/с | learn:MultiClass=0.5892
20:14:18 | +05:09    | INFO    | forexmodel.models.meta         | OOF walk-forward:  60.0% [########......] 3/5 фолд | прошло 2м 23с | осталось ~1м 35с | в среднем 48с на шаг | обучено 6000 деревьев всего
20:14:18 | +05:09    | INFO    | forexmodel.models.meta         | Фолд 4/5: обучение на 17832 барах, предсказание на 4463
20:14:18 | +05:09    | INFO    | forexmodel.models.meta         |   фолд 4/5:   0.1% [..............] 1/2000 дер | прошло 152мс | learn:MultiClass=1.0979
20:14:38 | +05:29    | INFO    | forexmodel.models.meta         |   фолд 4/5:  39.9% [######........] 798/2000 дер | прошло 20с | осталось ≤30с | 39.5 дер/с | learn:MultiClass=0.8790
20:14:58 | +05:49    | INFO    | forexmodel.models.meta         |   фолд 4/5:  78.0% [###########...] 1559/2000 дер | прошло 40с | осталось ≤11с | 38.8 дер/с | learn:MultiClass=0.7366
20:15:11 | +06:02    | INFO    | forexmodel.models.meta         |   фолд 4/5: 100.0% [##############] 2000/2000 дер | прошло 53с | 37.7 дер/с | learn:MultiClass=0.6684
20:15:11 | +06:02    | INFO    | forexmodel.models.meta         | OOF walk-forward:  80.0% [###########...] 4/5 фолд | прошло 3м 16с | осталось ~49с | в среднем 49с на шаг | обучено 8000 деревьев всего
20:15:11 | +06:02    | INFO    | forexmodel.models.meta         | Фолд 5/5: обучение на 22295 барах, предсказание на 4445
20:15:11 | +06:02    | INFO    | forexmodel.models.meta         |   фолд 5/5:   0.1% [..............] 1/2000 дер | прошло 121мс | learn:MultiClass=1.0980
20:15:31 | +06:22    | INFO    | forexmodel.models.meta         |   фолд 5/5:  35.9% [#####.........] 719/2000 дер | прошло 20с | осталось ≤36с | 35.7 дер/с | learn:MultiClass=0.9210
20:15:51 | +06:42    | INFO    | forexmodel.models.meta         |   фолд 5/5:  65.3% [#########.....] 1306/2000 дер | прошло 40с | осталось ≤21с | 32.5 дер/с | learn:MultiClass=0.8173
20:16:11 | +07:02    | INFO    | forexmodel.models.meta         |   фолд 5/5:  94.0% [#############.] 1881/2000 дер | прошло 1м 00с | осталось ≤3.8с | 31.3 дер/с | learn:MultiClass=0.7325
20:16:16 | +07:07    | INFO    | forexmodel.models.meta         |   фолд 5/5: 100.0% [##############] 2000/2000 дер | прошло 1м 05с | 30.8 дер/с | learn:MultiClass=0.7168
20:16:16 | +07:07    | INFO    | forexmodel.models.meta         | OOF walk-forward: 100.0% [##############] 5/5 фолд | прошло 4м 21с | в среднем 52с на шаг | обучено 10000 деревьев всего
20:16:16 | +07:07    | INFO    | forexmodel.models.meta         | OOF walk-forward: готово | 5 фолд | за 4м 21с | в среднем 52с на шаг | OOF-предсказаний: 22297 из 26780 баров
20:16:16 | +07:07    | INFO    | forexmodel.pipelines.train_pipeline | --> этап «OOF-предсказания» завершён за 4м 21с
20:16:16 | +07:07    | INFO    | forexmodel.pipelines.train_pipeline | 
20:16:16 | +07:07    | INFO    | forexmodel.pipelines.train_pipeline | ==============================================================================
20:16:16 | +07:07    | INFO    | forexmodel.pipelines.train_pipeline |   ЭТАП 4/6 · Мета-метки (симуляция)
20:16:16 | +07:07    | INFO    | forexmodel.pipelines.train_pipeline |   прошло всего 6м 51с | в прошлый прогон этот этап занял 12с | до конца ~16с
20:16:16 | +07:07    | INFO    | forexmodel.pipelines.train_pipeline | ==============================================================================
20:16:17 | +07:07    | INFO    | forexmodel.models.meta         | 
20:16:17 | +07:07    | INFO    | forexmodel.models.meta         | --- Мета-метки: прогон OOF-сигналов через минутную симуляцию -----------------
20:16:17 | +07:07    | INFO    | forexmodel.models.meta         | Полярных OOF-сигналов: 14783 из 22297 баров (66.3%) — у каждого нужно узнать исход сделки
20:16:17 | +07:08    | INFO    | forexmodel.simulation.simulator | Симуляция: 14783 сигналов, exit_mode=trailing, horizon=600 мин, комиссия 0.040% за круг
20:16:17 | +07:08    | INFO    | forexmodel.simulation.simulator | Симуляция сигналов:   0.0% [..............] 1/14783 сиг | прошло 0мс
20:16:27 | +07:18    | INFO    | forexmodel.simulation.simulator | Симуляция сигналов: 100.0% [##############] 14783/14783 сиг | прошло 10с | 1409.1 сиг/с
20:16:27 | +07:18    | INFO    | forexmodel.simulation.simulator | Сделок: 14783 | пропущено: перекрытие=0, тренд=0, нет цен=0, нет ATR=0
20:16:28 | +07:18    | INFO    | forexmodel.models.meta         | Симуляция OOF-сигналов заняла 11с: сделок 14783 | winrate 38.48% | сумма PnL -541.95%
20:16:28 | +07:18    | INFO    | forexmodel.models.meta         | Мета-выборка: 14783 строк, доля прибыльных 0.385
20:16:28 | +07:18    | INFO    | forexmodel.pipelines.train_pipeline | --> этап «Мета-метки (симуляция)» завершён за 11с
20:16:28 | +07:18    | INFO    | forexmodel.pipelines.train_pipeline | 
20:16:28 | +07:18    | INFO    | forexmodel.pipelines.train_pipeline | ==============================================================================
20:16:28 | +07:18    | INFO    | forexmodel.pipelines.train_pipeline |   ЭТАП 5/6 · Мета-модель
20:16:28 | +07:18    | INFO    | forexmodel.pipelines.train_pipeline |   прошло всего 7м 02с | в прошлый прогон этот этап занял 4.4с | до конца ~4.4с
20:16:28 | +07:18    | INFO    | forexmodel.pipelines.train_pipeline | ==============================================================================
20:16:28 | +07:18    | INFO    | forexmodel.models.meta         | 
20:16:28 | +07:18    | INFO    | forexmodel.models.meta         | --- Мета-модель: обучение, до 500 деревьев -----------------------------------
20:16:28 | +07:18    | INFO    | forexmodel.models.meta         | Блоки: train=9570 | val=2217 (early stopping) | holdout=2956 (только отчёт) | мета-признаков 90
20:16:28 | +07:19    | INFO    | forexmodel.models.meta         | Мета-модель:   0.2% [..............] 1/500 дер | прошло 121мс | learn:Logloss=0.6921 val:Logloss=0.6930
20:16:29 | +07:20    | INFO    | forexmodel.models.meta         | Мета-модель: готово | 136 дер | за 1.6с | 85.4 дер/с | в модели осталось 86 деревьев (после early stopping по val)
20:16:29 | +07:20    | INFO    | forexmodel.models.meta         | === Meta-model holdout (в подборе итераций НЕ участвовал) ===
              precision    recall  f1-score   support

           0     0.5830    0.9491    0.7223      1691
           1     0.5764    0.0925    0.1594      1265

    accuracy                         0.5825      2956
   macro avg     0.5797    0.5208    0.4409      2956
weighted avg     0.5802    0.5825    0.4814      2956

[[1605   86]
 [1148  117]]
20:16:29 | +07:20    | INFO    | forexmodel.models.meta         | ROC-AUC (holdout): 0.5360
20:16:29 | +07:20    | INFO    | forexmodel.models.meta         | 
20:16:29 | +07:20    | INFO    | forexmodel.models.meta         | --- Мета-модель: рефит на всей мета-выборке (14783 строк, 86 деревьев) -------
20:16:29 | +07:20    | INFO    | forexmodel.models.meta         | Мета-модель (рефит):   1.2% [..............] 1/86 дер | прошло 92мс | learn:Logloss=0.6926
20:16:30 | +07:21    | INFO    | forexmodel.models.meta         | Мета-модель (рефит): 100.0% [##############] 86/86 дер | прошло 1.2с | 74.7 дер/с | learn:Logloss=0.6747
20:16:30 | +07:21    | INFO    | forexmodel.models.meta         | Мета-модель (рефит): готово | 86 дер | за 1.2с | 71.0 дер/с | мета-модель видит мета-выборку целиком
20:16:30 | +07:21    | INFO    | forexmodel.pipelines.train_pipeline | --> этап «Мета-модель» завершён за 3.0с
20:16:30 | +07:21    | INFO    | forexmodel.pipelines.train_pipeline | 
20:16:30 | +07:21    | INFO    | forexmodel.pipelines.train_pipeline | ==============================================================================
20:16:30 | +07:21    | INFO    | forexmodel.pipelines.train_pipeline |   ЭТАП 6/6 · Сохранение артефактов
20:16:30 | +07:21    | INFO    | forexmodel.pipelines.train_pipeline |   прошло всего 7м 05с | в прошлый прогон этот этап занял 40мс | до конца ~40мс
20:16:30 | +07:21    | INFO    | forexmodel.pipelines.train_pipeline | ==============================================================================
20:16:30 | +07:21    | INFO    | forexmodel.models.persistence  | Сохранено: artifacts/lkoh_1h/primary_catboost.pkl
20:16:31 | +07:21    | INFO    | forexmodel.models.persistence  | Сохранено: artifacts/lkoh_1h/nn_cnn_bilstm.pkl
20:16:31 | +07:21    | INFO    | forexmodel.models.persistence  | Сохранено: artifacts/lkoh_1h/meta_catboost.pkl
20:16:31 | +07:21    | INFO    | forexmodel.models.persistence  | Сохранено: artifacts/lkoh_1h/features.json
20:16:31 | +07:21    | INFO    | forexmodel.models.persistence  | Сохранено: artifacts/lkoh_1h/metrics.json
20:16:31 | +07:21    | INFO    | forexmodel.pipelines.train_pipeline | Модели и метрики записаны в artifacts/lkoh_1h
20:16:31 | +07:21    | INFO    | forexmodel.pipelines.train_pipeline | --> этап «Сохранение артефактов» завершён за 48мс
20:16:31 | +07:21    | INFO    | forexmodel.pipelines.train_pipeline | 
==============================================================================
  ИТОГ ОБУЧЕНИЯ · lkoh_1h
==============================================================================
  Обучающая выборка : 26780 баров, признаков 85
  Период обучения   : 2016-06-01 10:00:00 .. 2024-12-30 09:00:00
  Финальные модели  : переобучены на ВСЕЙ обучающей выборке (refit_on_full_train)
  Разметка          : atr_asym, horizon=10, TP=1.5 ATR / SL=0.75 ATR

  Primary (CatBoost), holdout — в подборе итераций НЕ участвовал:
    полярная точность   : 0.3317   (доля верных там, где модель предлагает сделку)
    база «по частоте»   : 0.3202
    EDGE                : 0.0115   <- главная цифра: >0 значит преимущество есть
    accuracy / f1       : 0.3538 / 0.3461
    полярных предсказаний: 4374

  CNN-BiLSTM, val:
    полярная точность / edge: 0.3505 / 0.0289

  Мета-модель (порог 0.55), holdout:
    ROC-AUC             : 0.5360   (0.5 = бесполезна)
    точность на порогe  : 0.5764   (доля прибыльных среди пропущенных сделок)
    пропущено сигналов  : 0.0687   (какую долю сигналов мета-модель оставляет)
==============================================================================
20:16:31 | +07:21    | INFO    | forexmodel.pipelines.train_pipeline | 
ВРЕМЯ ПО ЭТАПАМ — ОБУЧЕНИЕ · run_name=lkoh_1h
----------------------------------------------------
  1. Primary (CatBoost)           9.3с     2%
  2. CNN-BiLSTM                 2м 20с    33%
  3. OOF-предсказания           4м 21с    61%
  4. Мета-метки (симуляция)        11с     3%
  5. Мета-модель                  3.0с     1%
  6. Сохранение артефактов        48мс     0%
----------------------------------------------------
  ИТОГО                         7м 05с
20:16:31 | +07:21    | INFO    | forexmodel.pipelines.train_pipeline | Тайминги этапов сохранены: artifacts/lkoh_1h/timings_train.json (из них берётся ETA следующего прогона)
20:16:31 | +07:21    | INFO    | forexmodel.pipelines.train_pipeline | Сводка обучения: artifacts/lkoh_1h/train_summary.txt
20:16:31 | +07:21    | INFO    | forexmodel.pipelines.backtest_pipeline | 
20:16:31 | +07:21    | INFO    | forexmodel.pipelines.backtest_pipeline | ##############################################################################
20:16:31 | +07:21    | INFO    | forexmodel.pipelines.backtest_pipeline | # БЭКТЕСТ · выборка sim · run_name=lkoh_1h
20:16:31 | +07:21    | INFO    | forexmodel.pipelines.backtest_pipeline | # этапов: 5 — Предсказания моделей -> Сигналы -> Минутная симуляция -> Диагностика -> Сохранение и графики
20:16:31 | +07:21    | INFO    | forexmodel.pipelines.backtest_pipeline | # прошлый такой прогон занял 21с — примерно столько и ждать
20:16:31 | +07:21    | INFO    | forexmodel.pipelines.backtest_pipeline | ##############################################################################
20:16:31 | +07:21    | INFO    | forexmodel.pipelines.backtest_pipeline | 
20:16:31 | +07:21    | INFO    | forexmodel.pipelines.backtest_pipeline | ==============================================================================
20:16:31 | +07:21    | INFO    | forexmodel.pipelines.backtest_pipeline |   ЭТАП 1/5 · Предсказания моделей
20:16:31 | +07:21    | INFO    | forexmodel.pipelines.backtest_pipeline |   прошло всего 3мс | в прошлый прогон этот этап занял 1.2с | до конца ~3.6с
20:16:31 | +07:21    | INFO    | forexmodel.pipelines.backtest_pipeline | ==============================================================================
20:16:31 | +07:21    | INFO    | forexmodel.pipelines.backtest_pipeline | Выборка sim: 2025-12-30 21:00:00 .. 2026-06-03 23:00:00 (2230 баров)
20:16:31 | +07:22    | INFO    | forexmodel.evaluation.metrics  | === CatBoost (2219 баров) ===
              precision    recall  f1-score   support

           0     0.3211    0.5064    0.3930       707
           1     0.4573    0.2866    0.3524       935
           2     0.2664    0.2392    0.2521       577

    accuracy                         0.3443      2219
   macro avg     0.3483    0.3441    0.3325      2219
weighted avg     0.3643    0.3443    0.3392      2219

Confusion matrix:
[[358 191 158]
 [445 268 222]
 [312 127 138]]
20:16:31 | +07:22    | INFO    | forexmodel.evaluation.metrics  | Полярная точность (classes [0, 2]): 0.3037 | база «угадай по частоте»: 0.2958 | edge: +0.0080
20:16:31 | +07:22    | INFO    | forexmodel.pipelines.backtest_pipeline | Точность по корзинам уверенности (CatBoost):
            samples  accuracy
conf_bin                     
(0.0, 0.5]     1633  0.303735
20:16:31 | +07:22    | INFO    | forexmodel.evaluation.metrics  | === CNN-BiLSTM (2200 баров) ===
              precision    recall  f1-score   support

           0     0.3463    0.4681    0.3981       705
           1     0.4847    0.3081    0.3767       925
           2     0.2671    0.3088    0.2864       570

    accuracy                         0.3595      2200
   macro avg     0.3660    0.3617    0.3537      2200
weighted avg     0.3840    0.3595    0.3602      2200

Confusion matrix:
[[330 166 209]
 [366 285 274]
 [257 137 176]]
20:16:31 | +07:22    | INFO    | forexmodel.evaluation.metrics  | Полярная точность (classes [0, 2]): 0.3139 | база «угадай по частоте»: 0.3015 | edge: +0.0124
20:16:32 | +07:22    | INFO    | forexmodel.pipelines.backtest_pipeline | Точность по корзинам уверенности (CNN-BiLSTM):
            samples  accuracy
conf_bin                     
(0.0, 0.5]     1586  0.315889
(0.5, 0.6]       26  0.192308
20:16:32 | +07:22    | INFO    | forexmodel.pipelines.backtest_pipeline | --> этап «Предсказания моделей» завершён за 982мс
20:16:32 | +07:22    | INFO    | forexmodel.pipelines.backtest_pipeline | 
20:16:32 | +07:22    | INFO    | forexmodel.pipelines.backtest_pipeline | ==============================================================================
20:16:32 | +07:22    | INFO    | forexmodel.pipelines.backtest_pipeline |   ЭТАП 2/5 · Сигналы
20:16:32 | +07:22    | INFO    | forexmodel.pipelines.backtest_pipeline |   прошло всего 986мс | в прошлый прогон этот этап занял 50мс | до конца ~2.4с
20:16:32 | +07:22    | INFO    | forexmodel.pipelines.backtest_pipeline | ==============================================================================
20:16:32 | +07:22    | INFO    | forexmodel.simulation.signals  | Покрытие предсказаниями CatBoost: 100.0%
20:16:32 | +07:22    | INFO    | forexmodel.simulation.signals  | Покрытие предсказаниями NN: 99.1%
20:16:32 | +07:22    | INFO    | forexmodel.models.meta         | Мета-фильтр (порог 0.55): оставлено 97 из 1644 сигналов
20:16:32 | +07:22    | INFO    | forexmodel.simulation.signals  | Фильтр ожидаемой ценности: 97 -> 56 сигналов
20:16:32 | +07:22    | INFO    | forexmodel.simulation.signals  | Итого сигналов: 56 (meta / agreement)
20:16:32 | +07:23    | INFO    | forexmodel.pipelines.backtest_pipeline | --> этап «Сигналы» завершён за 71мс
20:16:32 | +07:23    | INFO    | forexmodel.pipelines.backtest_pipeline | 
20:16:32 | +07:23    | INFO    | forexmodel.pipelines.backtest_pipeline | ==============================================================================
20:16:32 | +07:23    | INFO    | forexmodel.pipelines.backtest_pipeline |   ЭТАП 3/5 · Минутная симуляция
20:16:32 | +07:23    | INFO    | forexmodel.pipelines.backtest_pipeline |   прошло всего 1.1с | в прошлый прогон этот этап занял 80мс | до конца ~2.4с
20:16:32 | +07:23    | INFO    | forexmodel.pipelines.backtest_pipeline | ==============================================================================
20:16:32 | +07:23    | INFO    | forexmodel.simulation.simulator | Симуляция: 56 сигналов, exit_mode=trailing, horizon=600 мин, комиссия 0.040% за круг
20:16:32 | +07:23    | INFO    | forexmodel.simulation.simulator | Сделок: 15 | пропущено: перекрытие=14, тренд=27, нет цен=0, нет ATR=0
20:16:32 | +07:23    | INFO    | forexmodel.pipelines.backtest_pipeline | 
==============================================================================
  ВОРОНКА СИГНАЛОВ · meta
==============================================================================
  баров в выборке                 : 2230   (100.00% баров)
  полярных предсказаний CatBoost  : 1644   (73.72% баров)  <- модель предлагает сделку (класс 0 или 2)
  полярных предсказаний NN        : 1615   (72.42% баров)  <- nn.enabled
  прошло мета-фильтр (порог 0.55) : 97     ( 4.35% баров)  <- meta.threshold
  итоговых сигналов               : 56     ( 2.51% баров)  <- после фильтра ожидаемой ценности
  сделок открыто                  : 15     ( 0.67% баров)

  Сигналы, не ставшие сделками:
    уже открыта позиция          14
    против тренд-фильтра         27
==============================================================================
20:16:32 | +07:23    | INFO    | forexmodel.pipelines.backtest_pipeline | 
============================================================
  РЕЗУЛЬТАТ СИМУЛЯЦИИ · sim
============================================================
  Сделки:
    всего сделок                 15
    winrate                      53.33%
    из них в лонг                66.7%
    средняя длительность         306.5 мин

  Доходность:
    сумма PnL                    +2.94%
    капитал (сложный процент)    x1.0295
    макс. просадка               -0.84%
    profit factor                2.918

  На одну сделку:
    средний результат            +0.196%
    медиана                      +0.084%
    средняя прибыльная           +0.56%
    средняя убыточная            -0.219%

  Чем закрывались сделки:
    по истечении горизонта       10 (67%)
    по трейлинг-стопу            3 (20%)
    по стопу                     2 (13%)

  Вывод: прибыльно; profit factor 2.918 (>1 — выигрыши перекрывают потери)
============================================================
20:16:32 | +07:23    | INFO    | forexmodel.pipelines.backtest_pipeline | --> этап «Минутная симуляция» завершён за 102мс
20:16:32 | +07:23    | INFO    | forexmodel.pipelines.backtest_pipeline | 
20:16:32 | +07:23    | INFO    | forexmodel.pipelines.backtest_pipeline | ==============================================================================
20:16:32 | +07:23    | INFO    | forexmodel.pipelines.backtest_pipeline |   ЭТАП 4/5 · Диагностика
20:16:32 | +07:23    | INFO    | forexmodel.pipelines.backtest_pipeline |   прошло всего 1.2с | в прошлый прогон этот этап занял 80мс | до конца ~2.3с
20:16:32 | +07:23    | INFO    | forexmodel.pipelines.backtest_pipeline | ==============================================================================
20:16:32 | +07:23    | INFO    | forexmodel.pipelines.backtest_pipeline | 
20:16:32 | +07:23    | INFO    | forexmodel.pipelines.backtest_pipeline | --- Диагностика: не входим ли мы на излёте движения --------------------------
20:16:32 | +07:23    | INFO    | forexmodel.evaluation.diagnostics | Диагностика поздних входов (PnL по растяжению в ATR):
              n  winrate  avg_pnl  total_pnl   tp     sl
ext_bin                                                 
(1.5, 2.0]    1    100.0      0.1       0.10  0.0   0.00
(3.0, 99.0]  14     50.0      0.2       2.85  0.0  14.29
20:16:32 | +07:23    | INFO    | forexmodel.evaluation.diagnostics | Разбивка по причинам выхода:
                n  avg_pnl  total_pnl
exit_reason                          
trailing_stop   3    1.057      3.170
timeout        10    0.066      0.659
stop_loss       2   -0.443     -0.886
20:16:32 | +07:23    | INFO    | forexmodel.pipelines.backtest_pipeline | --> этап «Диагностика» завершён за 113мс
20:16:32 | +07:23    | INFO    | forexmodel.pipelines.backtest_pipeline | 
20:16:32 | +07:23    | INFO    | forexmodel.pipelines.backtest_pipeline | ==============================================================================
20:16:32 | +07:23    | INFO    | forexmodel.pipelines.backtest_pipeline |   ЭТАП 5/5 · Сохранение и графики
20:16:32 | +07:23    | INFO    | forexmodel.pipelines.backtest_pipeline |   прошло всего 1.3с | в прошлый прогон этот этап занял 2.2с | до конца ~2.2с
20:16:32 | +07:23    | INFO    | forexmodel.pipelines.backtest_pipeline | ==============================================================================
20:16:34 | +07:25    | INFO    | forexmodel.viz.charts          | График сохранён: reports/lkoh_1h/chart_sim.html
20:16:34 | +07:25    | INFO    | forexmodel.viz.charts          | График капитала сохранён: reports/lkoh_1h/equity_sim.html
20:16:35 | +07:26    | INFO    | forexmodel.viz.charts          | Разбор сделок сохранён: reports/lkoh_1h/trades_worst_sim.html
20:16:35 | +07:26    | INFO    | forexmodel.viz.charts          | Разбор сделок сохранён: reports/lkoh_1h/trades_best_sim.html
20:16:35 | +07:26    | INFO    | forexmodel.pipelines.backtest_pipeline | Записано 10 файлов в reports/lkoh_1h:
20:16:35 | +07:26    | INFO    | forexmodel.pipelines.backtest_pipeline |     reports/lkoh_1h/trades_sim.csv
20:16:35 | +07:26    | INFO    | forexmodel.pipelines.backtest_pipeline |     reports/lkoh_1h/report_sim.csv
20:16:35 | +07:26    | INFO    | forexmodel.pipelines.backtest_pipeline |     reports/lkoh_1h/signals_sim.csv
20:16:35 | +07:26    | INFO    | forexmodel.pipelines.backtest_pipeline |     reports/lkoh_1h/diag_late_entry_sim.csv
20:16:35 | +07:26    | INFO    | forexmodel.pipelines.backtest_pipeline |     reports/lkoh_1h/diag_exit_reasons_sim.csv
20:16:35 | +07:26    | INFO    | forexmodel.pipelines.backtest_pipeline |     reports/lkoh_1h/summary_sim.txt
20:16:35 | +07:26    | INFO    | forexmodel.pipelines.backtest_pipeline |     reports/lkoh_1h/chart_sim.html
20:16:35 | +07:26    | INFO    | forexmodel.pipelines.backtest_pipeline |     reports/lkoh_1h/equity_sim.html
20:16:35 | +07:26    | INFO    | forexmodel.pipelines.backtest_pipeline |     reports/lkoh_1h/trades_worst_sim.html
20:16:35 | +07:26    | INFO    | forexmodel.pipelines.backtest_pipeline |     reports/lkoh_1h/trades_best_sim.html
20:16:35 | +07:26    | INFO    | forexmodel.pipelines.backtest_pipeline | --> этап «Сохранение и графики» завершён за 3.4с
20:16:35 | +07:26    | INFO    | forexmodel.pipelines.backtest_pipeline | 
ВРЕМЯ ПО ЭТАПАМ — БЭКТЕСТ · выборка sim · run_name=lkoh_1h
--------------------------------------------------
  1. Предсказания моделей      982мс    21%
  2. Сигналы                    71мс     2%
  3. Минутная симуляция        102мс     2%
  4. Диагностика               113мс     2%
  5. Сохранение и графики       3.4с    73%
--------------------------------------------------
  ИТОГО                         4.6с
20:16:35 | +07:26    | INFO    | forexmodel.pipelines.backtest_pipeline | Тайминги этапов сохранены: artifacts/lkoh_1h/timings_backtest_sim.json (из них берётся ETA следующего прогона)
20:16:35 | +07:26    | INFO    | forexmodel.__main__            | 
20:16:35 | +07:26    | INFO    | forexmodel.__main__            | ==============================================================================
20:16:35 | +07:26    | INFO    | forexmodel.__main__            |   ГОТОВО · команда «run» · заняло 7м 25с
20:16:35 | +07:26    | INFO    | forexmodel.__main__            | ==============================================================================
20:16:35 | +07:26    | INFO    | forexmodel.__main__            |   Модели и метрики : artifacts/lkoh_1h
20:16:35 | +07:26    | INFO    | forexmodel.__main__            |       primary.pkl / nn.pkl / meta.pkl, metrics.json, train_summary.txt, config.yaml
20:16:35 | +07:26    | INFO    | forexmodel.__main__            |   Графики (HTML, открыть в браузере):
20:16:35 | +07:26    | INFO    | forexmodel.__main__            |       reports/lkoh_1h/chart_sim.html  <- свечи, фон тренда и все сделки
20:16:35 | +07:26    | INFO    | forexmodel.__main__            |       reports/lkoh_1h/equity_sim.html  <- кривая капитала, просадка, распределение PnL
20:16:35 | +07:26    | INFO    | forexmodel.__main__            |       reports/lkoh_1h/trades_worst_sim.html  <- 12 худших сделок: минутный путь цены и уровни
20:16:35 | +07:26    | INFO    | forexmodel.__main__            |       reports/lkoh_1h/trades_best_sim.html  <- 12 лучших сделок
20:16:35 | +07:26    | INFO    | forexmodel.__main__            |   Отчёты и таблицы : reports/lkoh_1h
20:16:35 | +07:26    | INFO    | forexmodel.__main__            |       summary_sim.txt — вся сводка текстом
20:16:35 | +07:26    | INFO    | forexmodel.__main__            |       trades_sim.csv — все сделки, report_sim.csv — метрики одной строкой
20:16:35 | +07:26    | INFO    | forexmodel.__main__            |       signals_sim.csv — бары с предсказаниями и сигналами
20:16:35 | +07:26    | INFO    | forexmodel.__main__            |       diag_late_entry_sim.csv — PnL в разрезе растяжения на входе
20:16:35 | +07:26    | INFO    | forexmodel.__main__            |   Лог этого прогона: reports/lkoh_1h/logs/run_20260920_200910.log
20:16:35 | +07:26    | INFO    | forexmodel.__main__            | ==============================================================================
